// Jest Snapshot v1, https://goo.gl/fbAQLP

exports[`<Layout /> should only show Hero when expanded 1`] = `
<div>
  Hero 1024 638 638
</div>
`;

exports[`<Layout /> sould show Hero and Content when not expanded 1`] = `
<DocumentFragment>
  <div>
    Hero 1024 307 307.20000000000005
  </div>
  <div
    class="sc-bdVaJa iHZvIS"
    style="opacity: 0;"
  >
    <div
      data-testid="content"
    >
      Content
    </div>
  </div>
</DocumentFragment>
`;
